[backblue.gif]
[fade.gif]
[index.html]
[index-2.html]
[generel-information/feed/index.html]
[wordpress/wp-includes/js/jquery/jquery.min9d52.js]
[wordpress/wp-content/themes/psykc/style.css]
[wordpress/wp-includes/js/jquery/jquery-migrate.mind617.js]
[wp-json/index.html]
[wp-json/wp/v2/pages/6]
[wordpress/xmlrpc0db0.php]
[wordpress/wp-includes/wlwmanifest.xml]
[wp-json/oembed/1.0/embed2bff]
[wp-json/oembed/1.0/embede779]
[images/logo.gif]
[analytics.js]
[wordpress/wp-content/uploads/2017/07/talli.png]
[images/top_bg.gif]
[wordpress/wp-content/uploads/2017/07/jørgen2.png]
[wordpress/wp-includes/js/jquery/ui/accordion.min35d0.js]
[wordpress/wp-includes/js/wp-embed.mina78f.js]
[wordpress/wp-includes/js/jquery/ui/core.min35d0.js]
[favicon.ico]
[wordpress/wp-content/themes/psykc/images/punkt.gif]
[font-awesome/4.6.3/css/font-awesome.min.css]
[index-3.html]
[wordpress/wp-includes/css/dist/block-library/style.mina78f.css]
[tilskud-til-betaling-af-psykologsamtaler/index.html]
[medarbejdere/index.html]
[wp-json/oembed/1.0/embed6600]
[wp-json/oembed/1.0/embed8a23]
[praktisk-info/index.html]
[wp-json/oembed/1.0/embedd2a3]
[metoder]
[pdf/kernberg2.pdf]
[metoder/index.html]
[wordpress/wp-content/uploads/2018/06/vaginisme1987.pdf]
[wp-json/wp/v2/pages/506]
[samarbejde/index.html]
[pdf2/Vaginisme og graviditet.pdf]
[generelt]
[pdf2/Det antisociale syndrom.pdf]
[generelt/index.html]
[pdf2/Psykoterap. behand.pdf]
[pdf2/Ti timer slaar ikke til.pdf]
[kriminelle-og-antisociale-unge/index.html]
[pdf2/Unyttig og uvidende.pdf]
[personlighedsforstyrrelser/index.html]
[unge-fra-familier-med-rusmiddelmisbrug/index.html]
[pdf2/Drenge og sexsuelle overg.pdf]
[pdf2/Kulturelle saertraek.pdf]
[tilskud-til-betaling-af-psykologsamtaler]
[pdf2/Mere end drengestreger.pdf]
[individuel-psykoterapi/index.html]
[familiebehandling-et-alternativ-til-anbringelse/index.html]
[pdf2/Krim. indvandrerdrenge kan.pdf]
[pdf2/Krim. indvandrerdrenge psyk.pdf]
[unge-med-flygtninge-eller-invandrerbaggrund/index.html]
[wordpress/wp-content/uploads/2018/04/Socialpædagogisk-arbejde-med-uledsagede-flygtningeunge.pdf]
[psykologisk-undersoegelse/index.html]
[supervision/index.html]
[praktisk-info/feed/index.html]
[undervisning-og-kurser/index.html]
[wp-json/wp/v2/pages/18]
[visitation/index.html]
[betaling/index.html]
[wp-json/oembed/1.0/embedbe5b]
[artikler/index.html]
[wp-json/oembed/1.0/embed33d0]
[wordpress/wp-content/plugins/leaflet-map/scripts/construct-leaflet-map.min4600.js]
[wp-json/wp/v2/pages/74]
[wp-json/oembed/1.0/embed3efd]
[wp-json/oembed/1.0/embedca18]
[wp-json/wp/v2/pages/79]
[wp-json/oembed/1.0/embed66a0]
[wp-json/oembed/1.0/embed9464]
[wp-json/wp/v2/pages/72]
[wp-json/oembed/1.0/embed9705]
[wp-json/oembed/1.0/embed7a87]
[wp-json/wp/v2/pages/38]
[wp-json/oembed/1.0/embed7bdd]
[wp-json/oembed/1.0/embed8c08]
[wp-json/wp/v2/pages/48]
[wp-json/oembed/1.0/embed1a60]
[wp-json/oembed/1.0/embed52eb]
[wp-json/wp/v2/pages/150]
[wp-json/oembed/1.0/embede33a]
[wp-json/oembed/1.0/embed86c9]
[wp-json/wp/v2/pages/36]
[wp-json/oembed/1.0/embeddd3d]
[wp-json/oembed/1.0/embedc563]
[familiebehandling-et-alternativ-til-anbringelse/feed/index.html]
[wp-json/wp/v2/pages/33]
[wp-json/oembed/1.0/embedf548]
[wp-json/oembed/1.0/embed86a0]
[wp-json/wp/v2/pages/90]
[wp-json/oembed/1.0/embed7958]
[wp-json/oembed/1.0/embed9b50]
[wp-json/wp/v2/pages/64]
[wp-json/oembed/1.0/embedc99c]
[wp-json/oembed/1.0/embedf903]
[wp-json/wp/v2/pages/81]
[wp-json/oembed/1.0/embed818b]
[wp-json/oembed/1.0/embed68cf]
[wp-json/wp/v2/pages/84]
[wp-json/oembed/1.0/embedf458]
[wp-json/oembed/1.0/embed3ec6]
[wp-json/wp/v2/pages/105]
[wp-json/oembed/1.0/embed633b]
[wp-json/oembed/1.0/embedbf61]
[wp-json/wp/v2/pages/346]
[wp-json/oembed/1.0/embedb03b]
[wp-json/oembed/1.0/embed9494]
[wp-json/wp/v2/pages/119]
[wp-json/oembed/1.0/embedb77f]
[wp-json/oembed/1.0/embed1cb7]
[leaflet@1.3.1/dist/leaflet.js]
[font-awesome/4.6.3/fonts/fontawesome-webfont5b62.svg]
[index8ce5.html]
[indexe9b4.html]
[index0735.html]
[artikler]
[leaflet@1.3.1/dist/leaflet.css]
[wp-json/oembed/1.0/embed0ce9]
[wp-json/wp/v2/pages/58]
[index6ffe.html]
[indexae74.html]
[indexb93f.html]
[index94b0.html]
[index56d6.html]
[index0d0b.html]
[indexdd23.html]
[indexeffd.html]
[index8cd4.html]
[index44d0.html]
[index735a.html]
[indexea0f.html]
[index17f1.html]
[index7737.html]
[leaflet@1.3.1/dist/images/layers-2x.png]
[leaflet@1.3.1/dist/images/marker-icon.png]
[leaflet@1.3.1/dist/images/layers.png]
[index49a5.html]
[{z}/{x}/{y}.png]
